// Jest Snapshot v1, https://goo.gl/fbAQLP

exports[`ForgotPassword should render correctly in "debug" mode 1`] = `
<div>
  <WithStyles(Card)
    id="logincard"
  >
    <div
      className="label-forgetpass"
    >
      <div
        className="logo"
      >
        <img
          alt=""
          src={
            Object {
              "ReactComponent": [Function],
              "__esModule": true,
              "default": "logo.svg",
            }
          }
        />
      </div>
    </div>
    <WithStyles(CardContent)>
      <div>
        <WithStyles(Typography)
          component="h2"
          id="login-text"
          variant="h5"
        >
          Forgot Password
        </WithStyles(Typography)>
        <div>
          <Input
            label="Email"
            name="email"
            onChange={[Function]}
            placeholder="Enter Your Email"
            type="Email"
          />
        </div>
        <div
          id="login-btn-div"
        >
          <WithStyles(Button)
            className="login-btn"
            color="primary"
            onClick={[Function]}
            type="submit"
            variant="contained"
          >
            Submit
          </WithStyles(Button)>
        </div>
        <span
          id="right-text"
        >
          <a
            href="/register"
          >
            Sign Up
          </a>
        </span>
        <span
          id="left-text"
        >
          <a
            href="/login"
          >
            Login
          </a>
        </span>
      </div>
    </WithStyles(CardContent)>
  </WithStyles(Card)>
</div>
`;
