// Jest Snapshot v1, https://goo.gl/fbAQLP

exports[`PasswordReset should render correctly in "debug" mode 1`] = `
<div>
  <WithStyles(Card)
    id="verify-card"
  >
    <div
      className="label-page"
    >
      <div
        className="logo"
      >
        <img
          alt=""
          src={
            Object {
              "ReactComponent": [Function],
              "__esModule": true,
              "default": "logo.svg",
            }
          }
        />
      </div>
      <div>
        <WithStyles(Typography)
          align="center"
          className="label-text"
          component="h4"
          variant="h5"
        >
          Password Reset
        </WithStyles(Typography)>
        <WithStyles(Typography)
          className="label-text"
          component="p"
        />
      </div>
    </div>
    <WithStyles(CardContent)>
      <div>
         
        <WithStyles(Typography)
          align="center"
          component="h4"
          variant="h5"
        >
          Enter New Password
        </WithStyles(Typography)>
        <div>
          <Input
            id="password"
            label="Password"
            name="password"
            onChange={[Function]}
            placeholder="Enter password"
            type="password"
          />
        </div>
        <div>
          <Input
            id="rpassword"
            label="Confirm Password"
            name="rpassword"
            onChange={[Function]}
            placeholder="Confirm password"
            type="password"
          />
        </div>
        <div
          className="form-btn"
        >
          <WithStyles(Button)
            color="primary"
            fullWidth={true}
            onClick={[Function]}
            type="submit"
            variant="contained"
          >
            Reset
          </WithStyles(Button)>
        </div>
      </div>
    </WithStyles(CardContent)>
  </WithStyles(Card)>
</div>
`;
